<?xml version="1.0" encoding="UTF-8"?>
<testsuites name="jest tests" tests="7" failures="0" errors="0" time="1.41">
  <testsuite name="parameters/utils/cards" errors="0" failures="0" skipped="0" timestamp="2024-01-08T17:59:17" time="1.132" tests="7">
    <testcase classname="parameters/utils/cards getTemplateTags should return an empty array for an invalid card" name="parameters/utils/cards getTemplateTags should return an empty array for an invalid card" time="0.001">
    </testcase>
    <testcase classname="parameters/utils/cards getTemplateTags should return an empty array for a non-native query" name="parameters/utils/cards getTemplateTags should return an empty array for a non-native query" time="0">
    </testcase>
    <testcase classname="parameters/utils/cards getTemplateTags should return an empty array for a non-parametrized query" name="parameters/utils/cards getTemplateTags should return an empty array for a non-parametrized query" time="0">
    </testcase>
    <testcase classname="parameters/utils/cards getTemplateTags should extract the template tags" name="parameters/utils/cards getTemplateTags should extract the template tags" time="0">
    </testcase>
    <testcase classname="parameters/utils/cards getTemplateTagParameters should convert tags into tag parameters with field filter operator types" name="parameters/utils/cards getTemplateTagParameters should convert tags into tag parameters with field filter operator types" time="0.001">
    </testcase>
    <testcase classname="parameters/utils/cards getTemplateTagParameters should exclude tags that are not parameters" name="parameters/utils/cards getTemplateTagParameters should exclude tags that are not parameters" time="0">
    </testcase>
    <testcase classname="parameters/utils/cards remapParameterValuesToTemplateTags should convert a dashboard parameterValues map into a map of template tag values" name="parameters/utils/cards remapParameterValuesToTemplateTags should convert a dashboard parameterValues map into a map of template tag values" time="0.001">
    </testcase>
  </testsuite>
</testsuites>